/home/runner/work/DistilledAutomationTask/DistilledAutomationTask/src/test/java/pageObjects/ListingPage.java
/home/runner/work/DistilledAutomationTask/DistilledAutomationTask/src/test/java/pageObjects/BasePage.java
/home/runner/work/DistilledAutomationTask/DistilledAutomationTask/src/test/java/testRunner/TestRunner.java
/home/runner/work/DistilledAutomationTask/DistilledAutomationTask/src/test/java/enums/Browsers.java
/home/runner/work/DistilledAutomationTask/DistilledAutomationTask/src/test/java/testBase/TestBase.java
/home/runner/work/DistilledAutomationTask/DistilledAutomationTask/src/test/java/stepDefinitions/HomePageSteps.java
/home/runner/work/DistilledAutomationTask/DistilledAutomationTask/src/test/java/pageObjects/ResultsPage.java
/home/runner/work/DistilledAutomationTask/DistilledAutomationTask/src/test/java/stepDefinitions/ServiceHooks.java
/home/runner/work/DistilledAutomationTask/DistilledAutomationTask/src/test/java/stepDefinitions/ListingPageSteps.java
/home/runner/work/DistilledAutomationTask/DistilledAutomationTask/src/test/java/stepDefinitions/ResultsPageSteps.java
/home/runner/work/DistilledAutomationTask/DistilledAutomationTask/src/test/java/pageObjects/HomePage.java
